[    2335ms] [VERBOSE] [DOM] Input elements should have autocomplete attributes (suggested: "current-password"): (More info: https://goo.gl/9p2vKq) %o @ https://sidaf-puno-neon.vercel.app/login:0
[  176505ms] [ERROR] Failed to load resource: the server responded with a status of 500 () @ https://sidaf-backend.onrender.com/api/auditoria?page=0&size=50:0
[  176514ms] [ERROR] Error obteniendo auditoría: AxiosError: Request failed with status code 500
    at eI (https://sidaf-puno-neon.vercel.app/_next/static/chunks/7331-222f0d32efd1f969.js:1:44464)
    at XMLHttpRequest.g (https://sidaf-puno-neon.vercel.app/_next/static/chunks/7331-222f0d32efd1f969.js:1:49483)
    at th.request (https://sidaf-puno-neon.vercel.app/_next/static/chunks/7331-222f0d32efd1f969.js:1:60457)
    at async Object.obtenerAuditoria (https://sidaf-puno-neon.vercel.app/_next/static/chunks/app/(dashboard)/dashboard/auditoria/page-390a7d419d2006f3.js:1:28855)
    at async X (https://sidaf-puno-neon.vercel.app/_next/static/chunks/app/(dashboard)/dashboard/auditoria/page-390a7d419d2006f3.js:1:1193) @ https://sidaf-puno-neon.vercel.app/_next/static/chunks/2117-192d6cd4d16c5ce5.js:0
[  176526ms] [ERROR] Error cargando auditoría: AxiosError: Request failed with status code 500
    at eI (https://sidaf-puno-neon.vercel.app/_next/static/chunks/7331-222f0d32efd1f969.js:1:44464)
    at XMLHttpRequest.g (https://sidaf-puno-neon.vercel.app/_next/static/chunks/7331-222f0d32efd1f969.js:1:49483)
    at th.request (https://sidaf-puno-neon.vercel.app/_next/static/chunks/7331-222f0d32efd1f969.js:1:60457)
    at async Object.obtenerAuditoria (https://sidaf-puno-neon.vercel.app/_next/static/chunks/app/(dashboard)/dashboard/auditoria/page-390a7d419d2006f3.js:1:28855)
    at async X (https://sidaf-puno-neon.vercel.app/_next/static/chunks/app/(dashboard)/dashboard/auditoria/page-390a7d419d2006f3.js:1:1193) @ https://sidaf-puno-neon.vercel.app/_next/static/chunks/2117-192d6cd4d16c5ce5.js:0
[  177867ms] [LOG] ✅ Campeonatos obtenidos: [Object, Object, Object, Object] @ https://sidaf-puno-neon.vercel.app/_next/static/chunks/5953-e3305e873cfb8205.js:0
[  178098ms] [LOG] ✅ Designaciones obtenidas: [Object, Object, Object, Object, Object, Object, Object, Object, Object, Object, Object, Object, Object, Object, Object, Object, Object, Object, Object, Object, Object, Object, Object, Object, Object, Object, Object] @ https://sidaf-puno-neon.vercel.app/_next/static/chunks/5953-e3305e873cfb8205.js:0
[  179311ms] [LOG] ✅ Asistencias obtenidas: [Object, Object, Object, Object, Object, Object, Object, Object, Object, Object, Object, Object, Object, Object, Object, Object, Object, Object, Object, Object, Object, Object, Object, Object, Object, Object, Object, Object, Object, Object, Object, Object, Object, Object, Object, Object, Object, Object, Object, Object, Object, Object] @ https://sidaf-puno-neon.vercel.app/_next/static/chunks/5953-e3305e873cfb8205.js:0
[  179798ms] [LOG] ✅ Equipos obtenidos: [Object, Object, Object, Object, Object, Object, Object, Object, Object, Object, Object, Object, Object, Object, Object, Object, Object, Object, Object, Object, Object, Object, Object, Object, Object, Object, Object, Object, Object, Object, Object, Object, Object, Object, Object, Object, Object, Object, Object, Object, Object, Object, Object, Object, Object, Object, Object, Object, Object, Object, Object, Object, Object, Object, Object, Object, Object, Object, Object, Object, Object, Object, Object, Object, Object, Object, Object, Object, Object, Object, Object, Object, Object, Object, Object, Object, Object, Object, Object, Object, Object, Object, Object, Object, Object, Object, Object, Object, Object, Object, Object, Object, Object, Object, Object, Object, Object, Object, Object, Object] @ https://sidaf-puno-neon.vercel.app/_next/static/chunks/5953-e3305e873cfb8205.js:0
[  179908ms] [LOG] ✅ Árbitros obtenidos: [Object, Object, Object, Object, Object, Object, Object, Object, Object, Object, Object, Object, Object, Object, Object, Object, Object, Object, Object, Object, Object, Object, Object, Object, Object, Object, Object, Object, Object, Object, Object, Object] @ https://sidaf-puno-neon.vercel.app/_next/static/chunks/5953-e3305e873cfb8205.js:0
[  417132ms] [VERBOSE] [DOM] Input elements should have autocomplete attributes (suggested: "current-password"): (More info: https://goo.gl/9p2vKq) %o @ https://sidaf-puno-neon.vercel.app/login:0
