[   15023ms] [ERROR] Failed to load resource: the server responded with a status of 500 (Internal Server Error) @ http://localhost:3000/dashboard/asistencia:0
[   15810ms] [INFO] %cDownload the React DevTools for a better development experience: https://reactjs.org/link/react-devtools font-weight:bold @ webpack-internal:///./node_modules/react-dom/cjs/react-dom.development.js:29889
[   16179ms] Error: Invariant: missing bootstrap script. This is a bug in Next.js
    at rR (file://D:\SIDAF-PUNO\frontend\node_modules\next\dist\compiled\next-server\app-page.runtime.dev.js:39:2277)
    at <unknown> (file://D:\SIDAF-PUNO\frontend\node_modules\next\dist\compiled\next-server\app-page.runtime.dev.js:39:25384)
    at <unknown> (file://D:\SIDAF-PUNO\frontend\node_modules\next\dist\server\lib\trace\tracer.js:191:62)
    at <unknown> (file://D:\SIDAF-PUNO\frontend\node_modules\next\dist\server\lib\trace\tracer.js:140:36)
    at NoopContextManager.with (file://D:\SIDAF-PUNO\frontend\node_modules\next\dist\compiled\@opentelemetry\api\index.js:1:7062)
    at ContextAPI.with (file://D:\SIDAF-PUNO\frontend\node_modules\next\dist\compiled\@opentelemetry\api\index.js:1:518)
    at NoopTracer.startActiveSpan (file://D:\SIDAF-PUNO\frontend\node_modules\next\dist\compiled\@opentelemetry\api\index.js:1:18093)
    at ProxyTracer.startActiveSpan (file://D:\SIDAF-PUNO\frontend\node_modules\next\dist\compiled\@opentelemetry\api\index.js:1:18854)
    at <unknown> (file://D:\SIDAF-PUNO\frontend\node_modules\next\dist\server\lib\trace\tracer.js:122:103)
    at NoopContextManager.with (file://D:\SIDAF-PUNO\frontend\node_modules\next\dist\compiled\@opentelemetry\api\index.js:1:7062)
    at ContextAPI.with (file://D:\SIDAF-PUNO\frontend\node_modules\next\dist\compiled\@opentelemetry\api\index.js:1:518)
    at NextTracerImpl.trace (file://D:\SIDAF-PUNO\frontend\node_modules\next\dist\server\lib\trace\tracer.js:122:28)
    at <unknown> (file://D:\SIDAF-PUNO\frontend\node_modules\next\dist\server\lib\trace\tracer.js:191:31)
    at r3 (file://D:\SIDAF-PUNO\frontend\node_modules\next\dist\compiled\next-server\app-page.runtime.dev.js:41:1678)
    at async doRender (file://D:\SIDAF-PUNO\frontend\node_modules\next\dist\server\base-server.js:1413:30)
    at async cacheEntry.responseCache.get.routeKind (file://D:\SIDAF-PUNO\frontend\node_modules\next\dist\server\base-server.js:1574:28)
[   16178ms] [LOG] [HMR] connected @ webpack-internal:///./node_modules/next/dist/client/components/react-dev-overlay/pages/websocket.js:38
